# OpenGameKit Map Format
NAME "Crimson Nexus"

# ============================================================================
#  ASSETS
# ============================================================================

TEXTURE tiles      assets/textures/blue_tiles.png
TEXTURE corrugate  assets/textures/corrugate.png
TEXTURE concrete   assets/textures/gray_concrete.png
TEXTURE crate      assets/textures/crate_128.png
TEXTURE bricks     assets/textures/dark_bricks.png

GEOMETRY crate     assets/models/crate.obj

# ============================================================================
#  MATERIALS
# ============================================================================

MATERIAL mat_tiles      tiles      NULL (1,1,1)
MATERIAL mat_corrugate  corrugate  NULL (1,1,1)
MATERIAL mat_concrete   concrete   NULL (1,1,1)
MATERIAL mat_crate      crate      NULL (1,1,1)
MATERIAL mat_bricks     bricks     NULL (1,1,1)

# tinted variants
MATERIAL mat_bricks_red   bricks     NULL (1,0.38,0.32)
MATERIAL mat_bricks_dark  bricks     NULL (0.4,0.18,0.16)
MATERIAL mat_corr_red     corrugate  NULL (1,0.48,0.42)
MATERIAL mat_corr_rust    corrugate  NULL (0.7,0.42,0.38)
MATERIAL mat_trim_dark    concrete   NULL (0.32,0.33,0.38)
MATERIAL mat_floor_main   concrete   NULL (0.65,0.66,0.7)

# ============================================================================
#  GEOMETRY - 120x120 arena, multi-level deathmatch layout
# ============================================================================
#  Y-levels: floor=0, low platforms=3, mid platforms=6, high towers=9-12
#  Four corner towers, center nexus, two cross-corridors, scattered cover.
#  All positions symmetric for balanced spawns.

# ---- MAIN FLOOR ------------------------------------------------------------
# center 60x60 blue tiles, outer 30-unit band concrete
INSTANCE plane mat_tiles      15.0 (0,0,0)      (30,1,30)   (0,0,0)
INSTANCE plane mat_floor_main 12.0 (0,0,-45)    (60,1,15)   (0,0,0)
INSTANCE plane mat_floor_main 12.0 (0,0,45)     (60,1,15)   (0,0,0)
INSTANCE plane mat_floor_main 12.0 (-45,0,0)    (15,1,30)   (0,0,0)
INSTANCE plane mat_floor_main 12.0 (45,0,0)     (15,1,30)   (0,0,0)
INSTANCE plane mat_floor_main  8.0 (-45,0,-45)  (15,1,15)   (0,0,0)
INSTANCE plane mat_floor_main  8.0 (45,0,-45)   (15,1,15)   (0,0,0)
INSTANCE plane mat_floor_main  8.0 (-45,0,45)   (15,1,15)   (0,0,0)
INSTANCE plane mat_floor_main  8.0 (45,0,45)    (15,1,15)   (0,0,0)

# ---- PERIMETER WALLS (height 12) -------------------------------------------
INSTANCE cube mat_bricks_red  8.0 (0,6,-60.5)   (60.5,6,0.5)  (0,0,0)
INSTANCE cube mat_bricks_red  8.0 (0,6,60.5)    (60.5,6,0.5)  (0,0,0)
INSTANCE cube mat_bricks_red  8.0 (-60.5,6,0)   (0.5,6,60.5)  (0,0,0)
INSTANCE cube mat_bricks_red  8.0 (60.5,6,0)    (0.5,6,60.5)  (0,0,0)

# corrugated top band
INSTANCE cube mat_corrugate  10.0 (0,10.5,-59.8) (60,1.5,0.2) (0,0,0)
INSTANCE cube mat_corrugate  10.0 (0,10.5,59.8)  (60,1.5,0.2) (0,0,0)
INSTANCE cube mat_corrugate  10.0 (-59.8,10.5,0) (0.2,1.5,60) (0,0,0)
INSTANCE cube mat_corrugate  10.0 (59.8,10.5,0)  (0.2,1.5,60) (0,0,0)

# kick plate
INSTANCE cube mat_trim_dark   6.0 (0,0.3,-59.4)  (60,0.3,0.6) (0,0,0)
INSTANCE cube mat_trim_dark   6.0 (0,0.3,59.4)   (60,0.3,0.6) (0,0,0)
INSTANCE cube mat_trim_dark   6.0 (-59.4,0.3,0)  (0.6,0.3,60) (0,0,0)
INSTANCE cube mat_trim_dark   6.0 (59.4,0.3,0)   (0.6,0.3,60) (0,0,0)

# ---- CENTER NEXUS (elevated podium with ramps) ------------------------------
INSTANCE cube mat_bricks       4.0 (0,1.5,0)     (9,1.5,9)    (0,0,0)
INSTANCE cube mat_tiles        3.0 (0,3.05,0)    (7.5,0.05,7.5) (0,0,0)
INSTANCE cube mat_corr_red     2.0 (0,4.2,0)     (2,1.2,2)    (0,0,0)  # center pillar

# ramps to nexus (4 cardinal directions)
INSTANCE cube mat_concrete     3.0 (0,0.75,-13)  (4,0.75,1.5) (0,0,0)  # step 1 north
INSTANCE cube mat_concrete     3.0 (0,1.5,-10.5) (4,1.5,1)    (0,0,0)  # step 2
INSTANCE cube mat_concrete     3.0 (0,0.75,13)   (4,0.75,1.5) (0,0,0)  # south
INSTANCE cube mat_concrete     3.0 (0,1.5,10.5)  (4,1.5,1)    (0,0,0)
INSTANCE cube mat_concrete     3.0 (-13,0.75,0)  (1.5,0.75,4) (0,0,0)  # west
INSTANCE cube mat_concrete     3.0 (-10.5,1.5,0) (1,1.5,4)    (0,0,0)
INSTANCE cube mat_concrete     3.0 (13,0.75,0)   (1.5,0.75,4) (0,0,0)  # east
INSTANCE cube mat_concrete     3.0 (10.5,1.5,0)  (1,1.5,4)    (0,0,0)

# ---- CORNER TOWERS (4 symmetric, heights 9-12) -----------------------------
# NW tower
INSTANCE cube mat_bricks_dark  5.0 (-42,4.5,-42) (8,4.5,8)    (0,0,0)   # base
INSTANCE cube mat_concrete     4.0 (-42,9.5,-42) (7,0.5,7)    (0,0,0)   # floor deck
INSTANCE cube mat_corr_rust    3.0 (-42,11,-42)  (0.4,1.5,7)  (0,0,0)  # wall north
INSTANCE cube mat_corr_rust    3.0 (-42,11,-42)  (7,1.5,0.4)  (0,0,0)  # wall west
INSTANCE cube mat_bricks       2.0 (-38,11,-38)  (1.5,1.5,1.5) (0,0,0) # inner pillar

# NE tower
INSTANCE cube mat_bricks_dark  5.0 (42,4.5,-42)  (8,4.5,8)    (0,0,0)
INSTANCE cube mat_concrete     4.0 (42,9.5,-42)  (7,0.5,7)    (0,0,0)
INSTANCE cube mat_corr_rust    3.0 (42,11,-42)   (0.4,1.5,7)  (0,0,0)
INSTANCE cube mat_corr_rust    3.0 (42,11,-42)   (7,1.5,0.4)  (0,0,0)
INSTANCE cube mat_bricks       2.0 (38,11,-38)   (1.5,1.5,1.5) (0,0,0)

# SW tower
INSTANCE cube mat_bricks_dark  5.0 (-42,4.5,42)  (8,4.5,8)    (0,0,0)
INSTANCE cube mat_concrete     4.0 (-42,9.5,42)  (7,0.5,7)    (0,0,0)
INSTANCE cube mat_corr_rust    3.0 (-42,11,42)   (0.4,1.5,7)  (0,0,0)
INSTANCE cube mat_corr_rust    3.0 (-42,11,42)   (7,1.5,0.4)  (0,0,0)
INSTANCE cube mat_bricks       2.0 (-38,11,38)   (1.5,1.5,1.5) (0,0,0)

# SE tower
INSTANCE cube mat_bricks_dark  5.0 (42,4.5,42)   (8,4.5,8)    (0,0,0)
INSTANCE cube mat_concrete     4.0 (42,9.5,42)   (7,0.5,7)    (0,0,0)
INSTANCE cube mat_corr_rust    3.0 (42,11,42)    (0.4,1.5,7)  (0,0,0)
INSTANCE cube mat_corr_rust    3.0 (42,11,42)    (7,1.5,0.4)  (0,0,0)
INSTANCE cube mat_bricks       2.0 (38,11,38)    (1.5,1.5,1.5) (0,0,0)

# ---- MID-LEVEL PLATFORMS (y=6, between center and towers) -------------------
# north mid platform
INSTANCE cube mat_concrete     5.0 (0,3,-30)     (10,3,6)     (0,0,0)
INSTANCE cube mat_corr_red     3.0 (0,6.2,-30)   (10,0.2,6)   (0,0,0)   # deck trim
INSTANCE cube mat_concrete     2.0 (-3,1.5,-23)  (1.5,1.5,2)  (0,0,0)  # step
INSTANCE cube mat_concrete     2.0 (3,1.5,-23)   (1.5,1.5,2)  (0,0,0)

# south mid platform
INSTANCE cube mat_concrete     5.0 (0,3,30)      (10,3,6)     (0,0,0)
INSTANCE cube mat_corr_red     3.0 (0,6.2,30)    (10,0.2,6)   (0,0,0)
INSTANCE cube mat_concrete     2.0 (-3,1.5,23)   (1.5,1.5,2)  (0,0,0)
INSTANCE cube mat_concrete     2.0 (3,1.5,23)    (1.5,1.5,2)  (0,0,0)

# west mid platform
INSTANCE cube mat_concrete     5.0 (-30,3,0)     (6,3,10)     (0,0,0)
INSTANCE cube mat_corr_red     3.0 (-30,6.2,0)   (6,0.2,10)   (0,0,0)
INSTANCE cube mat_concrete     2.0 (-23,1.5,-3)  (2,1.5,1.5)  (0,0,0)
INSTANCE cube mat_concrete     2.0 (-23,1.5,3)   (2,1.5,1.5)  (0,0,0)

# east mid platform
INSTANCE cube mat_concrete     5.0 (30,3,0)      (6,3,10)     (0,0,0)
INSTANCE cube mat_corr_red     3.0 (30,6.2,0)    (6,0.2,10)   (0,0,0)
INSTANCE cube mat_concrete     2.0 (23,1.5,-3)   (2,1.5,1.5)  (0,0,0)
INSTANCE cube mat_concrete     2.0 (23,1.5,3)    (2,1.5,1.5)  (0,0,0)

# ---- LOW WALLS and COVER (y=1.5-2.5) ---------------------------------------
# inner ring around center, 8 segments
INSTANCE cube mat_bricks       3.0 (0,1.2,-20)   (6,1.2,0.6)  (0,0,0)
INSTANCE cube mat_bricks       3.0 (0,1.2,20)    (6,1.2,0.6)  (0,0,0)
INSTANCE cube mat_bricks       3.0 (-20,1.2,0)   (0.6,1.2,6)  (0,0,0)
INSTANCE cube mat_bricks       3.0 (20,1.2,0)    (0.6,1.2,6)  (0,0,0)

INSTANCE cube mat_bricks       3.0 (-14,1.2,-14) (4,1.2,0.5)  (0,45,0)
INSTANCE cube mat_bricks       3.0 (14,1.2,-14)  (4,1.2,0.5)  (0,-45,0)
INSTANCE cube mat_bricks       3.0 (-14,1.2,14)  (4,1.2,0.5)  (0,-45,0)
INSTANCE cube mat_bricks       3.0 (14,1.2,14)   (4,1.2,0.5)  (0,45,0)

# outer cover near walls
INSTANCE cube mat_bricks       4.0 (-50,1.5,-25) (2,1.5,0.5)  (0,12,0)
INSTANCE cube mat_bricks       4.0 (-50,1.5,25)  (2,1.5,0.5)  (0,-12,0)
INSTANCE cube mat_bricks       4.0 (50,1.5,-25)  (2,1.5,0.5)  (0,-12,0)
INSTANCE cube mat_bricks       4.0 (50,1.5,25)   (2,1.5,0.5)  (0,12,0)
INSTANCE cube mat_bricks       4.0 (-25,1.5,-50) (0.5,1.5,2)  (0,12,0)
INSTANCE cube mat_bricks       4.0 (25,1.5,-50)  (0.5,1.5,2)  (0,-12,0)
INSTANCE cube mat_bricks       4.0 (-25,1.5,50)  (0.5,1.5,2)  (0,-12,0)
INSTANCE cube mat_bricks       4.0 (25,1.5,50)   (0.5,1.5,2)  (0,12,0)

# ---- PILLARS (sight blockers, various heights) ------------------------------
INSTANCE cube mat_corrugate    4.0 (-18,2.5,-18) (1.2,2.5,1.2) (0,0,0)
INSTANCE cube mat_corrugate    4.0 (18,2.5,-18)  (1.2,2.5,1.2) (0,0,0)
INSTANCE cube mat_corrugate    4.0 (-18,2.5,18)  (1.2,2.5,1.2) (0,0,0)
INSTANCE cube mat_corrugate    4.0 (18,2.5,18)   (1.2,2.5,1.2) (0,0,0)
INSTANCE cube mat_bricks_red   2.0 (-18,5.1,-18) (1.4,0.1,1.4) (0,0,0)
INSTANCE cube mat_bricks_red   2.0 (18,5.1,-18)  (1.4,0.1,1.4) (0,0,0)
INSTANCE cube mat_bricks_red   2.0 (-18,5.1,18)  (1.4,0.1,1.4) (0,0,0)
INSTANCE cube mat_bricks_red   2.0 (18,5.1,18)   (1.4,0.1,1.4) (0,0,0)

# tall pillars near mid platforms
INSTANCE cube mat_corrugate    4.0 (-12,4,-30)   (1,4,1)       (0,0,0)
INSTANCE cube mat_corrugate    4.0 (12,4,-30)    (1,4,1)       (0,0,0)
INSTANCE cube mat_corrugate    4.0 (-12,4,30)    (1,4,1)       (0,0,0)
INSTANCE cube mat_corrugate    4.0 (12,4,30)     (1,4,1)       (0,0,0)
INSTANCE cube mat_corrugate    4.0 (-30,4,-12)   (1,4,1)       (0,0,0)
INSTANCE cube mat_corrugate    4.0 (-30,4,12)    (1,4,1)       (0,0,0)
INSTANCE cube mat_corrugate    4.0 (30,4,-12)    (1,4,1)       (0,0,0)
INSTANCE cube mat_corrugate    4.0 (30,4,12)     (1,4,1)       (0,0,0)

# ---- CRATES (ground level) -------------------------------------------------
# center area clusters
INSTANCE crate mat_crate 1.0 (-8,1,-8)    (1,1,1) (0,-18,0)
INSTANCE crate mat_crate 1.0 (-8,3,-8)    (1,1,1) (0,22,0)
INSTANCE crate mat_crate 1.0 (-8,5,-8)    (1,1,1) (0,-5,0)
INSTANCE crate mat_crate 1.0 (-10,1,-6)   (1,1,1) (0,34,0)
INSTANCE crate mat_crate 1.0 (8,1,-8)     (1,1,1) (0,18,0)
INSTANCE crate mat_crate 1.0 (8,3,-8)     (1,1,1) (0,-22,0)
INSTANCE crate mat_crate 1.0 (8,5,-8)     (1,1,1) (0,5,0)
INSTANCE crate mat_crate 1.0 (10,1,-6)    (1,1,1) (0,-34,0)
INSTANCE crate mat_crate 1.0 (-8,1,8)     (1,1,1) (0,28,0)
INSTANCE crate mat_crate 1.0 (-8,3,8)     (1,1,1) (0,-15,0)
INSTANCE crate mat_crate 1.0 (-10,1,6)    (1,1,1) (0,12,0)
INSTANCE crate mat_crate 1.0 (8,1,8)      (1,1,1) (0,-28,0)
INSTANCE crate mat_crate 1.0 (8,3,8)      (1,1,1) (0,15,0)
INSTANCE crate mat_crate 1.0 (10,1,6)     (1,1,1) (0,-12,0)

# mid-distance near walls
INSTANCE crate mat_crate 1.0 (-28,1,-28)  (1,1,1) (0,45,0)
INSTANCE crate mat_crate 1.0 (-28,3,-28)  (1,1,1) (0,-30,0)
INSTANCE crate mat_crate 1.0 (-26,1,-30)  (1,1,1) (0,8,0)
INSTANCE crate mat_crate 1.0 (28,1,-28)   (1,1,1) (0,-45,0)
INSTANCE crate mat_crate 1.0 (28,3,-28)   (1,1,1) (0,30,0)
INSTANCE crate mat_crate 1.0 (26,1,-30)   (1,1,1) (0,-8,0)
INSTANCE crate mat_crate 1.0 (-28,1,28)   (1,1,1) (0,-50,0)
INSTANCE crate mat_crate 1.0 (-28,3,28)   (1,1,1) (0,25,0)
INSTANCE crate mat_crate 1.0 (-26,1,30)   (1,1,1) (0,-18,0)
INSTANCE crate mat_crate 1.0 (28,1,28)    (1,1,1) (0,50,0)
INSTANCE crate mat_crate 1.0 (28,3,28)    (1,1,1) (0,-25,0)
INSTANCE crate mat_crate 1.0 (26,1,30)    (1,1,1) (0,18,0)

# along cardinal axes
INSTANCE crate mat_crate 1.0 (0,1,-45)    (1,1,1) (0,15,0)
INSTANCE crate mat_crate 1.0 (-3,1,-46)   (1,1,1) (0,-8,0)
INSTANCE crate mat_crate 1.0 (3,1,-46)    (1,1,1) (0,22,0)
INSTANCE crate mat_crate 1.0 (0,1,45)     (1,1,1) (0,-15,0)
INSTANCE crate mat_crate 1.0 (-3,1,46)    (1,1,1) (0,8,0)
INSTANCE crate mat_crate 1.0 (3,1,46)     (1,1,1) (0,-22,0)
INSTANCE crate mat_crate 1.0 (-45,1,0)    (1,1,1) (0,35,0)
INSTANCE crate mat_crate 1.0 (-46,1,-3)   (1,1,1) (0,-12,0)
INSTANCE crate mat_crate 1.0 (-46,1,3)    (1,1,1) (0,28,0)
INSTANCE crate mat_crate 1.0 (45,1,0)     (1,1,1) (0,-35,0)
INSTANCE crate mat_crate 1.0 (46,1,-3)    (1,1,1) (0,12,0)
INSTANCE crate mat_crate 1.0 (46,1,3)     (1,1,1) (0,-28,0)

# ---- CRATES (on mid platforms) ---------------------------------------------
INSTANCE crate mat_crate 1.0 (-4,7,-30)   (1,1,1) (0,18,0)
INSTANCE crate mat_crate 1.0 (4,7,-30)    (1,1,1) (0,-25,0)
INSTANCE crate mat_crate 1.0 (-4,7,30)    (1,1,1) (0,-18,0)
INSTANCE crate mat_crate 1.0 (4,7,30)     (1,1,1) (0,25,0)
INSTANCE crate mat_crate 1.0 (-30,7,-4)   (1,1,1) (0,32,0)
INSTANCE crate mat_crate 1.0 (-30,7,4)    (1,1,1) (0,-15,0)
INSTANCE crate mat_crate 1.0 (30,7,-4)    (1,1,1) (0,-32,0)
INSTANCE crate mat_crate 1.0 (30,7,4)     (1,1,1) (0,15,0)

# ---- CRATES (on tower decks, y=10) -----------------------------------------
INSTANCE crate mat_crate 1.0 (-44,10,-44) (1,1,1) (0,22,0)
INSTANCE crate mat_crate 1.0 (-40,10,-40) (1,1,1) (0,-35,0)
INSTANCE crate mat_crate 1.0 (44,10,-44)  (1,1,1) (0,-22,0)
INSTANCE crate mat_crate 1.0 (40,10,-40)  (1,1,1) (0,35,0)
INSTANCE crate mat_crate 1.0 (-44,10,44)  (1,1,1) (0,48,0)
INSTANCE crate mat_crate 1.0 (-40,10,40)  (1,1,1) (0,-18,0)
INSTANCE crate mat_crate 1.0 (44,10,44)   (1,1,1) (0,-48,0)
INSTANCE crate mat_crate 1.0 (40,10,40)   (1,1,1) (0,18,0)

# ---- CRATES (stacks to reach tower decks from ground) ----------------------
INSTANCE crate mat_crate 1.0 (-35,1,-35)  (1,1,1) (0,12,0)
INSTANCE crate mat_crate 1.0 (-35,3,-35)  (1,1,1) (0,-28,0)
INSTANCE crate mat_crate 1.0 (-35,5,-35)  (1,1,1) (0,45,0)
INSTANCE crate mat_crate 1.0 (-35,7,-35)  (1,1,1) (0,-8,0)
INSTANCE crate mat_crate 1.0 (-33,1,-37)  (1,1,1) (0,35,0)
INSTANCE crate mat_crate 1.0 (-33,3,-37)  (1,1,1) (0,-15,0)

INSTANCE crate mat_crate 1.0 (35,1,-35)   (1,1,1) (0,-12,0)
INSTANCE crate mat_crate 1.0 (35,3,-35)   (1,1,1) (0,28,0)
INSTANCE crate mat_crate 1.0 (35,5,-35)   (1,1,1) (0,-45,0)
INSTANCE crate mat_crate 1.0 (35,7,-35)   (1,1,1) (0,8,0)
INSTANCE crate mat_crate 1.0 (33,1,-37)   (1,1,1) (0,-35,0)
INSTANCE crate mat_crate 1.0 (33,3,-37)   (1,1,1) (0,15,0)

INSTANCE crate mat_crate 1.0 (-35,1,35)   (1,1,1) (0,25,0)
INSTANCE crate mat_crate 1.0 (-35,3,35)   (1,1,1) (0,-42,0)
INSTANCE crate mat_crate 1.0 (-35,5,35)   (1,1,1) (0,18,0)
INSTANCE crate mat_crate 1.0 (-35,7,35)   (1,1,1) (0,-5,0)
INSTANCE crate mat_crate 1.0 (-33,1,37)   (1,1,1) (0,52,0)
INSTANCE crate mat_crate 1.0 (-33,3,37)   (1,1,1) (0,-22,0)

INSTANCE crate mat_crate 1.0 (35,1,35)    (1,1,1) (0,-25,0)
INSTANCE crate mat_crate 1.0 (35,3,35)    (1,1,1) (0,42,0)
INSTANCE crate mat_crate 1.0 (35,5,35)    (1,1,1) (0,-18,0)
INSTANCE crate mat_crate 1.0 (35,7,35)    (1,1,1) (0,5,0)
INSTANCE crate mat_crate 1.0 (33,1,37)    (1,1,1) (0,-52,0)
INSTANCE crate mat_crate 1.0 (33,3,37)    (1,1,1) (0,22,0)

# ---- SCATTERED singles for micro-cover -------------------------------------
INSTANCE crate mat_crate 1.0 (-15,1,0)    (1,1,1) (0,18,0)
INSTANCE crate mat_crate 1.0 (15,1,0)     (1,1,1) (0,-18,0)
INSTANCE crate mat_crate 1.0 (0,1,-15)    (1,1,1) (0,32,0)
INSTANCE crate mat_crate 1.0 (0,1,15)     (1,1,1) (0,-32,0)
INSTANCE crate mat_crate 1.0 (-24,1,-12)  (1,1,1) (0,5,0)
INSTANCE crate mat_crate 1.0 (24,1,-12)   (1,1,1) (0,-5,0)
INSTANCE crate mat_crate 1.0 (-24,1,12)   (1,1,1) (0,45,0)
INSTANCE crate mat_crate 1.0 (24,1,12)    (1,1,1) (0,-45,0)
INSTANCE crate mat_crate 1.0 (-12,1,-24)  (1,1,1) (0,-28,0)
INSTANCE crate mat_crate 1.0 (12,1,-24)   (1,1,1) (0,28,0)
INSTANCE crate mat_crate 1.0 (-12,1,24)   (1,1,1) (0,38,0)
INSTANCE crate mat_crate 1.0 (12,1,24)    (1,1,1) (0,-38,0)

# ============================================================================
#  LIGHTING
# ============================================================================
#  LIGHT <type> <pos> <intensity> <radius> <color> <direction | null>

# primary directional - warm sunset from northwest
LIGHT directional (0,80,-60) 1.3 2000.0 (1,0.92,0.85) (-0.25,-1,0.4)

# center nexus - cool blue spotlight
LIGHT point (0,18,0)        1.2  45.0  (0.75,0.85,1)    NULL

# corner towers - red accent lights
LIGHT point (-42,13,-42)    0.9  24.0  (1,0.45,0.38)    NULL
LIGHT point (42,13,-42)     0.9  24.0  (1,0.45,0.38)    NULL
LIGHT point (-42,13,42)     0.9  24.0  (1,0.45,0.38)    NULL
LIGHT point (42,13,42)      0.9  24.0  (1,0.45,0.38)    NULL

# mid platforms - neutral task lighting
LIGHT point (0,9,-30)       0.75 22.0  (1,0.95,0.9)     NULL
LIGHT point (0,9,30)        0.75 22.0  (1,0.95,0.9)     NULL
LIGHT point (-30,9,0)       0.75 22.0  (1,0.95,0.9)     NULL
LIGHT point (30,9,0)        0.75 22.0  (1,0.95,0.9)     NULL

# perimeter fill lights - amber glow
LIGHT point (-50,6,-50)     0.6  20.0  (1,0.8,0.65)     NULL
LIGHT point (50,6,-50)      0.6  20.0  (1,0.8,0.65)     NULL
LIGHT point (-50,6,50)      0.6  20.0  (1,0.8,0.65)     NULL
LIGHT point (50,6,50)       0.6  20.0  (1,0.8,0.65)     NULL

# cardinal axis fill - cooler white
LIGHT point (0,4,-48)       0.5  16.0  (0.92,0.95,1)    NULL
LIGHT point (0,4,48)        0.5  16.0  (0.92,0.95,1)    NULL
LIGHT point (-48,4,0)       0.5  16.0  (0.92,0.95,1)    NULL
LIGHT point (48,4,0)        0.5  16.0  (0.92,0.95,1)    NULL

# low atmospheric rim lights at ground level
LIGHT point (-25,1.5,-25)   0.35 12.0  (1,0.65,0.55)    NULL
LIGHT point (25,1.5,-25)    0.35 12.0  (1,0.65,0.55)    NULL
LIGHT point (-25,1.5,25)    0.35 12.0  (1,0.65,0.55)    NULL
LIGHT point (25,1.5,25)     0.35 12.0  (1,0.65,0.55)    NULL
LIGHT point (0,1.2,0)       0.4  10.0  (0.6,0.7,1)      NULL

# accent spots on tall pillars
LIGHT point (-12,8,-30)     0.4  11.0  (0.85,0.9,1)     NULL
LIGHT point (12,8,-30)      0.4  11.0  (0.85,0.9,1)     NULL
LIGHT point (-12,8,30)      0.4  11.0  (0.85,0.9,1)     NULL
LIGHT point (12,8,30)       0.4  11.0  (0.85,0.9,1)     NULL
LIGHT point (-30,8,-12)     0.4  11.0  (0.85,0.9,1)     NULL
LIGHT point (-30,8,12)      0.4  11.0  (0.85,0.9,1)     NULL
LIGHT point (30,8,-12)      0.4  11.0  (0.85,0.9,1)     NULL
LIGHT point (30,8,12)       0.4  11.0  (0.85,0.9,1)     NULL
